I'm sorry, but errors were detected in your script. Please correct the
errors listed below, and try again.


File "game/script.rpy", line 445: end of line expected.
    show screen checkbox easeinright
                         ^

Ren'Py Version: Ren'Py 8.2.1.24030407
Fri Apr 26 09:11:48 2024
